------------------------------------------------------------
TimeQuest Timing Analyzer Summary
------------------------------------------------------------

Type  : Slow Model Setup 'clk'
Slack : -13.469
TNS   : -1665.211

Type  : Slow Model Setup 'cpu:cpu_|microc:microc_|registro:PC_|q[0]'
Slack : -7.092
TNS   : -265.025

Type  : Slow Model Setup 'reset'
Slack : 1.483
TNS   : 0.000

Type  : Slow Model Setup 'VGA_CLOCK'
Slack : 16.922
TNS   : 0.000

Type  : Slow Model Setup 'vga_|VGA_ADAPTER|mypll|altpll_component|pll|clk[0]'
Slack : 30.450
TNS   : 0.000

Type  : Slow Model Hold 'cpu:cpu_|microc:microc_|registro:PC_|q[0]'
Slack : -9.360
TNS   : -270.655

Type  : Slow Model Hold 'reset'
Slack : -6.258
TNS   : -50.466

Type  : Slow Model Hold 'clk'
Slack : -0.527
TNS   : -1.710

Type  : Slow Model Hold 'vga_|VGA_ADAPTER|mypll|altpll_component|pll|clk[0]'
Slack : 0.445
TNS   : 0.000

Type  : Slow Model Hold 'VGA_CLOCK'
Slack : 2.788
TNS   : 0.000

Type  : Slow Model Recovery 'vga_|VGA_ADAPTER|mypll|altpll_component|pll|clk[0]'
Slack : -2.195
TNS   : -40.338

Type  : Slow Model Recovery 'clk'
Slack : -0.004
TNS   : -0.004

Type  : Slow Model Recovery 'cpu:cpu_|microc:microc_|registro:PC_|q[0]'
Slack : 0.853
TNS   : 0.000

Type  : Slow Model Recovery 'reset'
Slack : 3.849
TNS   : 0.000

Type  : Slow Model Removal 'cpu:cpu_|microc:microc_|registro:PC_|q[0]'
Slack : -7.941
TNS   : -295.241

Type  : Slow Model Removal 'reset'
Slack : -3.604
TNS   : -36.033

Type  : Slow Model Removal 'clk'
Slack : 0.163
TNS   : 0.000

Type  : Slow Model Removal 'vga_|VGA_ADAPTER|mypll|altpll_component|pll|clk[0]'
Slack : 2.173
TNS   : 0.000

Type  : Slow Model Minimum Pulse Width 'cpu:cpu_|microc:microc_|registro:PC_|q[0]'
Slack : -5.534
TNS   : -1665.922

Type  : Slow Model Minimum Pulse Width 'clk'
Slack : -1.469
TNS   : -171.327

Type  : Slow Model Minimum Pulse Width 'reset'
Slack : -1.469
TNS   : -13.689

Type  : Slow Model Minimum Pulse Width 'VGA_CLOCK'
Slack : 7.436
TNS   : 0.000

Type  : Slow Model Minimum Pulse Width 'vga_|VGA_ADAPTER|mypll|altpll_component|pll|clk[0]'
Slack : 17.436
TNS   : 0.000

Type  : Fast Model Setup 'clk'
Slack : -4.357
TNS   : -524.093

Type  : Fast Model Setup 'cpu:cpu_|microc:microc_|registro:PC_|q[0]'
Slack : -2.101
TNS   : -68.877

Type  : Fast Model Setup 'reset'
Slack : 1.586
TNS   : 0.000

Type  : Fast Model Setup 'VGA_CLOCK'
Slack : 17.543
TNS   : 0.000

Type  : Fast Model Setup 'vga_|VGA_ADAPTER|mypll|altpll_component|pll|clk[0]'
Slack : 36.272
TNS   : 0.000

Type  : Fast Model Hold 'cpu:cpu_|microc:microc_|registro:PC_|q[0]'
Slack : -4.058
TNS   : -119.140

Type  : Fast Model Hold 'reset'
Slack : -3.198
TNS   : -27.626

Type  : Fast Model Hold 'clk'
Slack : -0.599
TNS   : -14.059

Type  : Fast Model Hold 'vga_|VGA_ADAPTER|mypll|altpll_component|pll|clk[0]'
Slack : 0.215
TNS   : 0.000

Type  : Fast Model Hold 'VGA_CLOCK'
Slack : 2.318
TNS   : 0.000

Type  : Fast Model Recovery 'vga_|VGA_ADAPTER|mypll|altpll_component|pll|clk[0]'
Slack : -1.141
TNS   : -21.507

Type  : Fast Model Recovery 'clk'
Slack : 0.311
TNS   : 0.000

Type  : Fast Model Recovery 'cpu:cpu_|microc:microc_|registro:PC_|q[0]'
Slack : 0.685
TNS   : 0.000

Type  : Fast Model Recovery 'reset'
Slack : 2.240
TNS   : 0.000

Type  : Fast Model Removal 'cpu:cpu_|microc:microc_|registro:PC_|q[0]'
Slack : -2.918
TNS   : -111.126

Type  : Fast Model Removal 'reset'
Slack : -1.875
TNS   : -18.615

Type  : Fast Model Removal 'clk'
Slack : 0.047
TNS   : 0.000

Type  : Fast Model Removal 'vga_|VGA_ADAPTER|mypll|altpll_component|pll|clk[0]'
Slack : 1.420
TNS   : 0.000

Type  : Fast Model Minimum Pulse Width 'cpu:cpu_|microc:microc_|registro:PC_|q[0]'
Slack : -1.659
TNS   : -465.430

Type  : Fast Model Minimum Pulse Width 'clk'
Slack : -1.222
TNS   : -140.222

Type  : Fast Model Minimum Pulse Width 'reset'
Slack : -1.222
TNS   : -11.222

Type  : Fast Model Minimum Pulse Width 'VGA_CLOCK'
Slack : 7.620
TNS   : 0.000

Type  : Fast Model Minimum Pulse Width 'vga_|VGA_ADAPTER|mypll|altpll_component|pll|clk[0]'
Slack : 17.873
TNS   : 0.000

------------------------------------------------------------
